const H1 = (_, { styletron }) => <h1 className={Styletron.injectStyle(styletron, { color: 'red' })} />;
